🩺 The doctor is checking the health of your Storybook..
╭ Package storybook not found ───────────────────────────────────────────────────────────╮
│                                                                                        │
│   The storybook package was not found in your package.json.                            │
│   Installing storybook as a direct dev dependency in your package.json is required.    │
│                                                                                        │
╰────────────────────────────────────────────────────────────────────────────────────────╯
╭ Incompatible packages found ────────────────────────────────────────────────────────────────────────────────────────────────────────╮
│                                                                                                                                     │
│   The following packages are incompatible with Storybook 8.6.12 as they depend on different major versions of Storybook packages:   │
│   - @storybook/addon-knobs@6.1.21                                                                                                   │
│    Repo: https://github.com/storybookjs/storybook/tree/master/addons/knobs                                                          │
│   - @storybook/addon-postcss@2.0.0                                                                                                  │
│   - @storybook/preset-typescript@3.0.0                                                                                              │
│    Repo: https://github.com/storybookjs/presets/tree/master/packages/preset-typescript                                              │
│                                                                                                                                     │
│                                                                                                                                     │
│   Please consider updating your packages or contacting the maintainers for compatibility details.                                   │
│   For more on Storybook 8 compatibility, see the linked GitHub issue:                                                               │
│   https://github.com/storybookjs/storybook/issues/26031                                                                             │
│                                                                                                                                     │
╰─────────────────────────────────────────────────────────────────────────────────────────────────────────────────────────────────────╯

You can always recheck the health of your project by running:
npx storybook doctor

Full logs are available in /Users/I2320/Documents/innovaccer/design/design-system/doctor-storybook.log

